Java HotSpot(TM) 64-Bit Server VM (25.60-b23) for windows-amd64 JRE (1.8.0_60-b27), built on Aug  4 2015 11:06:27 by "java_re" with MS VC++ 10.0 (VS2010)
Memory: 4k page, physical 8298776k(2828268k free), swap 13541656k(3939720k free)
CommandLine flags: -XX:-BytecodeVerificationLocal -XX:-BytecodeVerificationRemote -XX:InitialHeapSize=132780416 -XX:+ManagementServer -XX:MaxHeapSize=2124486656 -XX:+PrintClassHistogram -XX:+PrintGC -XX:+PrintGCDetails -XX:+PrintGCTimeStamps -XX:+PrintHeapAtGC -XX:TieredStopAtLevel=1 -XX:+UseCompressedClassPointers -XX:+UseCompressedOops -XX:-UseLargePagesIndividualAllocation -XX:+UseParallelGC 
{Heap before GC invocations=1 (full 0):
 PSYoungGen      total 38400K, used 33280K [0x00000000d5c00000, 0x00000000d8680000, 0x0000000100000000)
  eden space 33280K, 100% used [0x00000000d5c00000,0x00000000d7c80000,0x00000000d7c80000)
  from space 5120K, 0% used [0x00000000d8180000,0x00000000d8180000,0x00000000d8680000)
  to   space 5120K, 0% used [0x00000000d7c80000,0x00000000d7c80000,0x00000000d8180000)
 ParOldGen       total 87552K, used 0K [0x0000000081400000, 0x0000000086980000, 0x00000000d5c00000)
  object space 87552K, 0% used [0x0000000081400000,0x0000000081400000,0x0000000086980000)
 Metaspace       used 9910K, capacity 10228K, committed 10240K, reserved 1058816K
  class space    used 1195K, capacity 1280K, committed 1280K, reserved 1048576K
1.157: [GC (Allocation Failure) [PSYoungGen: 33280K->4317K(38400K)] 33280K->4333K(125952K), 0.0062239 secs] [Times: user=0.00 sys=0.00, real=0.01 secs] 
Heap after GC invocations=1 (full 0):
 PSYoungGen      total 38400K, used 4317K [0x00000000d5c00000, 0x00000000d8680000, 0x0000000100000000)
  eden space 33280K, 0% used [0x00000000d5c00000,0x00000000d5c00000,0x00000000d7c80000)
  from space 5120K, 84% used [0x00000000d7c80000,0x00000000d80b7778,0x00000000d8180000)
  to   space 5120K, 0% used [0x00000000d8180000,0x00000000d8180000,0x00000000d8680000)
 ParOldGen       total 87552K, used 16K [0x0000000081400000, 0x0000000086980000, 0x00000000d5c00000)
  object space 87552K, 0% used [0x0000000081400000,0x0000000081404000,0x0000000086980000)
 Metaspace       used 9910K, capacity 10228K, committed 10240K, reserved 1058816K
  class space    used 1195K, capacity 1280K, committed 1280K, reserved 1048576K
}
{Heap before GC invocations=2 (full 0):
 PSYoungGen      total 38400K, used 37597K [0x00000000d5c00000, 0x00000000d8680000, 0x0000000100000000)
  eden space 33280K, 100% used [0x00000000d5c00000,0x00000000d7c80000,0x00000000d7c80000)
  from space 5120K, 84% used [0x00000000d7c80000,0x00000000d80b7778,0x00000000d8180000)
  to   space 5120K, 0% used [0x00000000d8180000,0x00000000d8180000,0x00000000d8680000)
 ParOldGen       total 87552K, used 16K [0x0000000081400000, 0x0000000086980000, 0x00000000d5c00000)
  object space 87552K, 0% used [0x0000000081400000,0x0000000081404000,0x0000000086980000)
 Metaspace       used 11316K, capacity 11672K, committed 11776K, reserved 1058816K
  class space    used 1400K, capacity 1503K, committed 1536K, reserved 1048576K
1.398: [GC (Allocation Failure) [PSYoungGen: 37597K->5117K(38400K)] 37613K->6491K(125952K), 0.0056011 secs] [Times: user=0.01 sys=0.00, real=0.01 secs] 
Heap after GC invocations=2 (full 0):
 PSYoungGen      total 38400K, used 5117K [0x00000000d5c00000, 0x00000000da700000, 0x0000000100000000)
  eden space 33280K, 0% used [0x00000000d5c00000,0x00000000d5c00000,0x00000000d7c80000)
  from space 5120K, 99% used [0x00000000d8180000,0x00000000d867f790,0x00000000d8680000)
  to   space 5120K, 0% used [0x00000000d7c80000,0x00000000d7c80000,0x00000000d8180000)
 ParOldGen       total 87552K, used 1373K [0x0000000081400000, 0x0000000086980000, 0x00000000d5c00000)
  object space 87552K, 1% used [0x0000000081400000,0x0000000081557700,0x0000000086980000)
 Metaspace       used 11316K, capacity 11672K, committed 11776K, reserved 1058816K
  class space    used 1400K, capacity 1503K, committed 1536K, reserved 1048576K
}
{Heap before GC invocations=3 (full 0):
 PSYoungGen      total 38400K, used 38397K [0x00000000d5c00000, 0x00000000da700000, 0x0000000100000000)
  eden space 33280K, 100% used [0x00000000d5c00000,0x00000000d7c80000,0x00000000d7c80000)
  from space 5120K, 99% used [0x00000000d8180000,0x00000000d867f790,0x00000000d8680000)
  to   space 5120K, 0% used [0x00000000d7c80000,0x00000000d7c80000,0x00000000d8180000)
 ParOldGen       total 87552K, used 1373K [0x0000000081400000, 0x0000000086980000, 0x00000000d5c00000)
  object space 87552K, 1% used [0x0000000081400000,0x0000000081557700,0x0000000086980000)
 Metaspace       used 14016K, capacity 14444K, committed 14720K, reserved 1062912K
  class space    used 1774K, capacity 1879K, committed 1920K, reserved 1048576K
1.614: [GC (Allocation Failure) [PSYoungGen: 38397K->5101K(38400K)] 39771K->6898K(125952K), 0.0036736 secs] [Times: user=0.00 sys=0.00, real=0.00 secs] 
Heap after GC invocations=3 (full 0):
 PSYoungGen      total 38400K, used 5101K [0x00000000d5c00000, 0x00000000da700000, 0x0000000100000000)
  eden space 33280K, 0% used [0x00000000d5c00000,0x00000000d5c00000,0x00000000d7c80000)
  from space 5120K, 99% used [0x00000000d7c80000,0x00000000d817b658,0x00000000d8180000)
  to   space 5120K, 0% used [0x00000000da200000,0x00000000da200000,0x00000000da700000)
 ParOldGen       total 87552K, used 1796K [0x0000000081400000, 0x0000000086980000, 0x00000000d5c00000)
  object space 87552K, 2% used [0x0000000081400000,0x00000000815c1278,0x0000000086980000)
 Metaspace       used 14016K, capacity 14444K, committed 14720K, reserved 1062912K
  class space    used 1774K, capacity 1879K, committed 1920K, reserved 1048576K
}
{Heap before GC invocations=4 (full 0):
 PSYoungGen      total 38400K, used 38381K [0x00000000d5c00000, 0x00000000da700000, 0x0000000100000000)
  eden space 33280K, 100% used [0x00000000d5c00000,0x00000000d7c80000,0x00000000d7c80000)
  from space 5120K, 99% used [0x00000000d7c80000,0x00000000d817b658,0x00000000d8180000)
  to   space 5120K, 0% used [0x00000000da200000,0x00000000da200000,0x00000000da700000)
 ParOldGen       total 87552K, used 1796K [0x0000000081400000, 0x0000000086980000, 0x00000000d5c00000)
  object space 87552K, 2% used [0x0000000081400000,0x00000000815c13f8,0x0000000086980000)
 Metaspace       used 16000K, capacity 16430K, committed 16512K, reserved 1062912K
  class space    used 2056K, capacity 2176K, committed 2176K, reserved 1048576K
1.738: [GC (GCLocker Initiated GC) [PSYoungGen: 38381K->5090K(71680K)] 40178K->8021K(159232K), 0.0048518 secs] [Times: user=0.00 sys=0.00, real=0.00 secs] 
Heap after GC invocations=4 (full 0):
 PSYoungGen      total 71680K, used 5090K [0x00000000d5c00000, 0x00000000da700000, 0x0000000100000000)
  eden space 66560K, 0% used [0x00000000d5c00000,0x00000000d5c00000,0x00000000d9d00000)
  from space 5120K, 99% used [0x00000000da200000,0x00000000da6f8bf0,0x00000000da700000)
  to   space 5120K, 0% used [0x00000000d9d00000,0x00000000d9d00000,0x00000000da200000)
 ParOldGen       total 87552K, used 2930K [0x0000000081400000, 0x0000000086980000, 0x00000000d5c00000)
  object space 87552K, 3% used [0x0000000081400000,0x00000000816dcbc8,0x0000000086980000)
 Metaspace       used 16000K, capacity 16430K, committed 16512K, reserved 1062912K
  class space    used 2056K, capacity 2176K, committed 2176K, reserved 1048576K
}
{Heap before GC invocations=5 (full 0):
 PSYoungGen      total 71680K, used 71650K [0x00000000d5c00000, 0x00000000da700000, 0x0000000100000000)
  eden space 66560K, 100% used [0x00000000d5c00000,0x00000000d9d00000,0x00000000d9d00000)
  from space 5120K, 99% used [0x00000000da200000,0x00000000da6f8bf0,0x00000000da700000)
  to   space 5120K, 0% used [0x00000000d9d00000,0x00000000d9d00000,0x00000000da200000)
 ParOldGen       total 87552K, used 2966K [0x0000000081400000, 0x0000000086980000, 0x00000000d5c00000)
  object space 87552K, 3% used [0x0000000081400000,0x00000000816e58a0,0x0000000086980000)
 Metaspace       used 20240K, capacity 20722K, committed 20864K, reserved 1067008K
  class space    used 2564K, capacity 2687K, committed 2688K, reserved 1048576K
1.952: [GC (Allocation Failure) [PSYoungGen: 71650K->5109K(71680K)] 74617K->12307K(159232K), 0.0069099 secs] [Times: user=0.00 sys=0.00, real=0.01 secs] 
Heap after GC invocations=5 (full 0):
 PSYoungGen      total 71680K, used 5109K [0x00000000d5c00000, 0x00000000df000000, 0x0000000100000000)
  eden space 66560K, 0% used [0x00000000d5c00000,0x00000000d5c00000,0x00000000d9d00000)
  from space 5120K, 99% used [0x00000000d9d00000,0x00000000da1fd6b0,0x00000000da200000)
  to   space 9216K, 0% used [0x00000000de700000,0x00000000de700000,0x00000000df000000)
 ParOldGen       total 87552K, used 7197K [0x0000000081400000, 0x0000000086980000, 0x00000000d5c00000)
  object space 87552K, 8% used [0x0000000081400000,0x0000000081b07558,0x0000000086980000)
 Metaspace       used 20240K, capacity 20722K, committed 20864K, reserved 1067008K
  class space    used 2564K, capacity 2687K, committed 2688K, reserved 1048576K
}
{Heap before GC invocations=6 (full 0):
 PSYoungGen      total 71680K, used 16568K [0x00000000d5c00000, 0x00000000df000000, 0x0000000100000000)
  eden space 66560K, 17% used [0x00000000d5c00000,0x00000000d6730b58,0x00000000d9d00000)
  from space 5120K, 99% used [0x00000000d9d00000,0x00000000da1fd6b0,0x00000000da200000)
  to   space 9216K, 0% used [0x00000000de700000,0x00000000de700000,0x00000000df000000)
 ParOldGen       total 87552K, used 7197K [0x0000000081400000, 0x0000000086980000, 0x00000000d5c00000)
  object space 87552K, 8% used [0x0000000081400000,0x0000000081b07558,0x0000000086980000)
 Metaspace       used 20654K, capacity 21108K, committed 21248K, reserved 1067008K
  class space    used 2629K, capacity 2752K, committed 2816K, reserved 1048576K
1.993: [GC (Metadata GC Threshold) [PSYoungGen: 16568K->6276K(142336K)] 23765K->13482K(229888K), 0.0043575 secs] [Times: user=0.02 sys=0.00, real=0.00 secs] 
Heap after GC invocations=6 (full 0):
 PSYoungGen      total 142336K, used 6276K [0x00000000d5c00000, 0x00000000df000000, 0x0000000100000000)
  eden space 133120K, 0% used [0x00000000d5c00000,0x00000000d5c00000,0x00000000dde00000)
  from space 9216K, 68% used [0x00000000de700000,0x00000000ded21348,0x00000000df000000)
  to   space 9216K, 0% used [0x00000000dde00000,0x00000000dde00000,0x00000000de700000)
 ParOldGen       total 87552K, used 7205K [0x0000000081400000, 0x0000000086980000, 0x00000000d5c00000)
  object space 87552K, 8% used [0x0000000081400000,0x0000000081b09558,0x0000000086980000)
 Metaspace       used 20654K, capacity 21108K, committed 21248K, reserved 1067008K
  class space    used 2629K, capacity 2752K, committed 2816K, reserved 1048576K
}
{Heap before GC invocations=7 (full 1):
 PSYoungGen      total 142336K, used 6276K [0x00000000d5c00000, 0x00000000df000000, 0x0000000100000000)
  eden space 133120K, 0% used [0x00000000d5c00000,0x00000000d5c00000,0x00000000dde00000)
  from space 9216K, 68% used [0x00000000de700000,0x00000000ded21348,0x00000000df000000)
  to   space 9216K, 0% used [0x00000000dde00000,0x00000000dde00000,0x00000000de700000)
 ParOldGen       total 87552K, used 7205K [0x0000000081400000, 0x0000000086980000, 0x00000000d5c00000)
  object space 87552K, 8% used [0x0000000081400000,0x0000000081b09558,0x0000000086980000)
 Metaspace       used 20654K, capacity 21108K, committed 21248K, reserved 1067008K
  class space    used 2629K, capacity 2752K, committed 2816K, reserved 1048576K
1.998: [Full GC (Metadata GC Threshold) [PSYoungGen: 6276K->0K(142336K)] [ParOldGen: 7205K->6934K(52736K)] 13482K->6934K(195072K), [Metaspace: 20654K->20644K(1067008K)], 0.0281877 secs] [Times: user=0.02 sys=0.00, real=0.03 secs] 
Heap after GC invocations=7 (full 1):
 PSYoungGen      total 142336K, used 0K [0x00000000d5c00000, 0x00000000df000000, 0x0000000100000000)
  eden space 133120K, 0% used [0x00000000d5c00000,0x00000000d5c00000,0x00000000dde00000)
  from space 9216K, 0% used [0x00000000de700000,0x00000000de700000,0x00000000df000000)
  to   space 9216K, 0% used [0x00000000dde00000,0x00000000dde00000,0x00000000de700000)
 ParOldGen       total 52736K, used 6934K [0x0000000081400000, 0x0000000084780000, 0x00000000d5c00000)
  object space 52736K, 13% used [0x0000000081400000,0x0000000081ac58b0,0x0000000084780000)
 Metaspace       used 20644K, capacity 21090K, committed 21248K, reserved 1067008K
  class space    used 2626K, capacity 2745K, committed 2816K, reserved 1048576K
}
{Heap before GC invocations=8 (full 1):
 PSYoungGen      total 142336K, used 133120K [0x00000000d5c00000, 0x00000000df000000, 0x0000000100000000)
  eden space 133120K, 100% used [0x00000000d5c00000,0x00000000dde00000,0x00000000dde00000)
  from space 9216K, 0% used [0x00000000de700000,0x00000000de700000,0x00000000df000000)
  to   space 9216K, 0% used [0x00000000dde00000,0x00000000dde00000,0x00000000de700000)
 ParOldGen       total 52736K, used 6934K [0x0000000081400000, 0x0000000084780000, 0x00000000d5c00000)
  object space 52736K, 13% used [0x0000000081400000,0x0000000081ac58b0,0x0000000084780000)
 Metaspace       used 22776K, capacity 23296K, committed 23680K, reserved 1069056K
  class space    used 2920K, capacity 3111K, committed 3200K, reserved 1048576K
2.492: [GC (Allocation Failure) [PSYoungGen: 133120K->4222K(142336K)] 140054K->11164K(195072K), 0.0034552 secs] [Times: user=0.00 sys=0.00, real=0.00 secs] 
Heap after GC invocations=8 (full 1):
 PSYoungGen      total 142336K, used 4222K [0x00000000d5c00000, 0x00000000e4d00000, 0x0000000100000000)
  eden space 133120K, 0% used [0x00000000d5c00000,0x00000000d5c00000,0x00000000dde00000)
  from space 9216K, 45% used [0x00000000dde00000,0x00000000de21f920,0x00000000de700000)
  to   space 9216K, 0% used [0x00000000e4400000,0x00000000e4400000,0x00000000e4d00000)
 ParOldGen       total 52736K, used 6942K [0x0000000081400000, 0x0000000084780000, 0x00000000d5c00000)
  object space 52736K, 13% used [0x0000000081400000,0x0000000081ac78b0,0x0000000084780000)
 Metaspace       used 22776K, capacity 23296K, committed 23680K, reserved 1069056K
  class space    used 2920K, capacity 3111K, committed 3200K, reserved 1048576K
}
{Heap before GC invocations=9 (full 1):
 PSYoungGen      total 142336K, used 137342K [0x00000000d5c00000, 0x00000000e4d00000, 0x0000000100000000)
  eden space 133120K, 100% used [0x00000000d5c00000,0x00000000dde00000,0x00000000dde00000)
  from space 9216K, 45% used [0x00000000dde00000,0x00000000de21f920,0x00000000de700000)
  to   space 9216K, 0% used [0x00000000e4400000,0x00000000e4400000,0x00000000e4d00000)
 ParOldGen       total 52736K, used 6942K [0x0000000081400000, 0x0000000084780000, 0x00000000d5c00000)
  object space 52736K, 13% used [0x0000000081400000,0x0000000081ac78b0,0x0000000084780000)
 Metaspace       used 26088K, capacity 26684K, committed 26880K, reserved 1073152K
  class space    used 3388K, capacity 3548K, committed 3584K, reserved 1048576K
3.159: [GC (Allocation Failure) [PSYoungGen: 137342K->7289K(229888K)] 144284K->14239K(282624K), 0.0052180 secs] [Times: user=0.00 sys=0.00, real=0.01 secs] 
Heap after GC invocations=9 (full 1):
 PSYoungGen      total 229888K, used 7289K [0x00000000d5c00000, 0x00000000e4b80000, 0x0000000100000000)
  eden space 222208K, 0% used [0x00000000d5c00000,0x00000000d5c00000,0x00000000e3500000)
  from space 7680K, 94% used [0x00000000e4400000,0x00000000e4b1e6e8,0x00000000e4b80000)
  to   space 9216K, 0% used [0x00000000e3980000,0x00000000e3980000,0x00000000e4280000)
 ParOldGen       total 52736K, used 6950K [0x0000000081400000, 0x0000000084780000, 0x00000000d5c00000)
  object space 52736K, 13% used [0x0000000081400000,0x0000000081ac98b0,0x0000000084780000)
 Metaspace       used 26088K, capacity 26684K, committed 26880K, reserved 1073152K
  class space    used 3388K, capacity 3548K, committed 3584K, reserved 1048576K
}
{Heap before GC invocations=10 (full 1):
 PSYoungGen      total 229888K, used 229497K [0x00000000d5c00000, 0x00000000e4b80000, 0x0000000100000000)
  eden space 222208K, 100% used [0x00000000d5c00000,0x00000000e3500000,0x00000000e3500000)
  from space 7680K, 94% used [0x00000000e4400000,0x00000000e4b1e6e8,0x00000000e4b80000)
  to   space 9216K, 0% used [0x00000000e3980000,0x00000000e3980000,0x00000000e4280000)
 ParOldGen       total 52736K, used 6950K [0x0000000081400000, 0x0000000084780000, 0x00000000d5c00000)
  object space 52736K, 13% used [0x0000000081400000,0x0000000081ac98b0,0x0000000084780000)
 Metaspace       used 32107K, capacity 32886K, committed 33152K, reserved 1077248K
  class space    used 4249K, capacity 4435K, committed 4480K, reserved 1048576K
4.109: [GC (Allocation Failure) [PSYoungGen: 229497K->9206K(236032K)] 236447K->23129K(288768K), 0.0105034 secs] [Times: user=0.00 sys=0.00, real=0.01 secs] 
Heap after GC invocations=10 (full 1):
 PSYoungGen      total 236032K, used 9206K [0x00000000d5c00000, 0x00000000ea180000, 0x0000000100000000)
  eden space 226816K, 0% used [0x00000000d5c00000,0x00000000d5c00000,0x00000000e3980000)
  from space 9216K, 99% used [0x00000000e3980000,0x00000000e427d958,0x00000000e4280000)
  to   space 13312K, 0% used [0x00000000e9480000,0x00000000e9480000,0x00000000ea180000)
 ParOldGen       total 52736K, used 13923K [0x0000000081400000, 0x0000000084780000, 0x00000000d5c00000)
  object space 52736K, 26% used [0x0000000081400000,0x0000000082198ce8,0x0000000084780000)
 Metaspace       used 32107K, capacity 32886K, committed 33152K, reserved 1077248K
  class space    used 4249K, capacity 4435K, committed 4480K, reserved 1048576K
}
{Heap before GC invocations=11 (full 1):
 PSYoungGen      total 236032K, used 51085K [0x00000000d5c00000, 0x00000000ea180000, 0x0000000100000000)
  eden space 226816K, 18% used [0x00000000d5c00000,0x00000000d84e5d90,0x00000000e3980000)
  from space 9216K, 99% used [0x00000000e3980000,0x00000000e427d958,0x00000000e4280000)
  to   space 13312K, 0% used [0x00000000e9480000,0x00000000e9480000,0x00000000ea180000)
 ParOldGen       total 52736K, used 13923K [0x0000000081400000, 0x0000000084780000, 0x00000000d5c00000)
  object space 52736K, 26% used [0x0000000081400000,0x0000000082198ce8,0x0000000084780000)
 Metaspace       used 34583K, capacity 35378K, committed 35416K, reserved 1079296K
  class space    used 4491K, capacity 4707K, committed 4736K, reserved 1048576K
4.355: [GC (Metadata GC Threshold) [PSYoungGen: 51085K->8042K(320512K)] 65008K->25820K(373248K), 0.0085324 secs] [Times: user=0.11 sys=0.02, real=0.01 secs] 
Heap after GC invocations=11 (full 1):
 PSYoungGen      total 320512K, used 8042K [0x00000000d5c00000, 0x00000000ea980000, 0x0000000100000000)
  eden space 307200K, 0% used [0x00000000d5c00000,0x00000000d5c00000,0x00000000e8800000)
  from space 13312K, 60% used [0x00000000e9480000,0x00000000e9c5a890,0x00000000ea180000)
  to   space 12800K, 0% used [0x00000000e8800000,0x00000000e8800000,0x00000000e9480000)
 ParOldGen       total 52736K, used 17778K [0x0000000081400000, 0x0000000084780000, 0x00000000d5c00000)
  object space 52736K, 33% used [0x0000000081400000,0x000000008255c978,0x0000000084780000)
 Metaspace       used 34583K, capacity 35378K, committed 35416K, reserved 1079296K
  class space    used 4491K, capacity 4707K, committed 4736K, reserved 1048576K
}
{Heap before GC invocations=12 (full 2):
 PSYoungGen      total 320512K, used 8042K [0x00000000d5c00000, 0x00000000ea980000, 0x0000000100000000)
  eden space 307200K, 0% used [0x00000000d5c00000,0x00000000d5c00000,0x00000000e8800000)
  from space 13312K, 60% used [0x00000000e9480000,0x00000000e9c5a890,0x00000000ea180000)
  to   space 12800K, 0% used [0x00000000e8800000,0x00000000e8800000,0x00000000e9480000)
 ParOldGen       total 52736K, used 17778K [0x0000000081400000, 0x0000000084780000, 0x00000000d5c00000)
  object space 52736K, 33% used [0x0000000081400000,0x000000008255c978,0x0000000084780000)
 Metaspace       used 34583K, capacity 35378K, committed 35416K, reserved 1079296K
  class space    used 4491K, capacity 4707K, committed 4736K, reserved 1048576K
4.364: [Full GC (Metadata GC Threshold) [PSYoungGen: 8042K->0K(320512K)] [ParOldGen: 17778K->20014K(86528K)] 25820K->20014K(407040K), [Metaspace: 34583K->34583K(1079296K)], 0.0674779 secs] [Times: user=0.23 sys=0.00, real=0.07 secs] 
Heap after GC invocations=12 (full 2):
 PSYoungGen      total 320512K, used 0K [0x00000000d5c00000, 0x00000000ea980000, 0x0000000100000000)
  eden space 307200K, 0% used [0x00000000d5c00000,0x00000000d5c00000,0x00000000e8800000)
  from space 13312K, 0% used [0x00000000e9480000,0x00000000e9480000,0x00000000ea180000)
  to   space 12800K, 0% used [0x00000000e8800000,0x00000000e8800000,0x00000000e9480000)
 ParOldGen       total 86528K, used 20014K [0x0000000081400000, 0x0000000086880000, 0x00000000d5c00000)
  object space 86528K, 23% used [0x0000000081400000,0x000000008278bae0,0x0000000086880000)
 Metaspace       used 34583K, capacity 35378K, committed 35416K, reserved 1079296K
  class space    used 4491K, capacity 4707K, committed 4736K, reserved 1048576K
}
{Heap before GC invocations=13 (full 2):
 PSYoungGen      total 320512K, used 307200K [0x00000000d5c00000, 0x00000000ea980000, 0x0000000100000000)
  eden space 307200K, 100% used [0x00000000d5c00000,0x00000000e8800000,0x00000000e8800000)
  from space 13312K, 0% used [0x00000000e9480000,0x00000000e9480000,0x00000000ea180000)
  to   space 12800K, 0% used [0x00000000e8800000,0x00000000e8800000,0x00000000e9480000)
 ParOldGen       total 86528K, used 20014K [0x0000000081400000, 0x0000000086880000, 0x00000000d5c00000)
  object space 86528K, 23% used [0x0000000081400000,0x000000008278bae0,0x0000000086880000)
 Metaspace       used 39901K, capacity 40786K, committed 41048K, reserved 1085440K
  class space    used 5200K, capacity 5440K, committed 5504K, reserved 1048576K
6.112: [GC (Allocation Failure) [PSYoungGen: 307200K->12789K(320000K)] 327214K->36216K(406528K), 0.0115294 secs] [Times: user=0.00 sys=0.02, real=0.01 secs] 
